================================================================================
SIEM ALERT LOG - INCIDENT ID: #2026-0609A
TIMESTAMP: 2026-06-09T15:35:00Z
CLASSIFICATION: SUSPECTED DATA EXFILTRATION & C2 ACTIVITY
================================================================================

[+] AUDIT TRAIL:
At 15:31:59Z, an unauthenticated POST request targeted the perimeter framework. 
Shortly after, abnormal outbound traffic spikes were tracked on standard server sockets.

[+] ISOLATED NETWORK INDICATORS:
Perimeter firewall blocked inbound connections originating from known malicious threat vectors:
- Source IP: 185.220.101.5
- Destination IP: 192.168.1.105 (Internal Asset)

Edge gateway flagged persistent, unauthorized Beaconing/C2 handshake sequences:
- Destination Host: evil-command-center.top
- Destination Host: malware-distribution-node.net
- Alternate Peer IP: 45.33.22.118

[+] ENDPOINT DETECTION & RESPONSE (EDR) ARTIFACTS:
The host controller terminated an untrusted process executing out of the temporary application cache.
- Local Process: windll32.exe
- SHA-256 Signature: e3b0c44298fc1c149afbf4c8996fb92427ae41e4649b934ca495991b7852b855
- Backup Payload MD5: 9e107d9d372bb6826bd81d3542a419d6

[+] EMAIL RECONNAISSANCE DETECTED:
Mail transfer agents intercepted tactical phishing attachments containing links pointing to:
- URL Target: account-verification-portal.org/login.php

================================================================================
[END OF LIVE INCIDENT REPORT SUMMARY]
================================================================================